<html>
<body>
<pre>
<h1>µVision Build Log</h1>
<h2>Tool Versions:</h2>
IDE-Version: •ÏVision V5.35.0.0
Copyright (C) 2021 ARM Ltd and ARM Germany GmbH. All rights reserved.
License Information: wonkyu Park, Haatz, LIC=----
 
Tool Versions:
Toolchain:       MDK-Lite  Version: 5.35.0.2
Toolchain Path:  C:\Keil_v5\ARM\ARMCC\Bin
C Compiler:      Armcc.exe V5.06 update 7 (build 960)
Assembler:       Armasm.exe V5.06 update 7 (build 960)
Linker/Locator:  ArmLink.exe V5.06 update 7 (build 960)
Library Manager: ArmAr.exe V5.06 update 7 (build 960)
Hex Converter:   FromElf.exe V5.06 update 7 (build 960)
CPU DLL:         SARMCM3.DLL V5.35.0.2
Dialog DLL:      DARMCM1.DLL V1.19.4.0
Target DLL:      CMSIS_AGDI.dll V1.33.0.0
Dialog DLL:      TARMCM1.DLL V1.14.4.0
 
<h2>Project:</h2>
D:\Source\DaulFlex\Disp_Ver0.2_220715\DualFlex_Display_A31G226.uvprojx
Project File Date:  05/25/2022

<h2>Output:</h2>
*** Using Compiler 'V5.06 update 7 (build 960)', folder: 'C:\Keil_v5\ARM\ARMCC\Bin'
Rebuild target 'DualFlex'
assembling startup_A31G22x.s...
compiling system_A31G22x.c...
compiling debug.c...
compiling debug_cmd.c...
compiling A31G22x_hal_uartn.c...
compiling A31G22x_hal_i2c.c...
compiling Isr.c...
compiling GlobalValue.c...
compiling Init.c...
compiling Uart.c...
Src\Uart.c(16): warning:  #177-D: variable "ucIndex"  was declared but never referenced
  	static UINT8 ucIndex = 0;
Src\Uart.c: 1 warning, 0 errors
compiling A31G22x_hal_scu.c...
compiling debug_frmwrk.c...
compiling Display.c...
compiling Main.c...
Src\Main.c(162): warning:  #177-D: variable "sucLongKeycnt"  was declared but never referenced
  	static UINT8 sucLongKeycnt = 0;
Src\Main.c: 1 warning, 0 errors
compiling Touch.c...
Src\Touch.c(307): warning:  #177-D: variable "sucNoKeyFlag"  was declared but never referenced
  	static UINT8 sucNoKeyFlag = 0;
Src\Touch.c(308): warning:  #177-D: variable "sucKeyChangeFlag"  was declared but never referenced
  	static UINT8 sucKeyChangeFlag = 0;
Src\Touch.c: 2 warnings, 0 errors
compiling LEDControl.c...
compiling A31G22x_hal_pcu.c...
compiling A31G22x_hal_cfmc.c...
compiling A31G22x_hal_timer1n.c...
linking...
Program Size: Code=31088 RO-data=740 RW-data=160 ZI-data=2664  
FromELF: creating hex file...
".\Objects\DualFlex_Display_A31G226.axf" - 0 Error(s), 4 Warning(s).

<h2>Software Packages used:</h2>

Package Vendor: ARM
                http://www.keil.com/pack/ARM.CMSIS.5.8.0.pack
                ARM.CMSIS.5.8.0
                CMSIS (Common Microcontroller Software Interface Standard)

<h2>Collection of Component include folders:</h2>
  C:\Users\haatz\AppData\Local\Arm\Packs\ARM\CMSIS\5.8.0\Device\ARM\ARMCM0plus\Include

<h2>Collection of Component Files used:</h2>
Build Time Elapsed:  00:00:02
</pre>
</body>
</html>
